
> build
> vite build

[36mvite v7.0.6 [32mbuilding for production...[36m[39m
transforming...
[32mΓ£ô[39m 127 modules transformed.
node.exe : 
[31mΓ£ù[39m Build 
failed in 666ms
At C:\Program Files\n
odejs\npm.ps1:29 
char:3
+   & $NODE_EXE 
$NPM_CLI_JS $args
+   ~~~~~~~~~~~~~~~~~
~~~~~~~~~~~~
    + CategoryInfo   
           : NotSpe  
  cified: ([31mΓ£   
 ù[39m Build fai    
led in 666ms:Str    
ing) [], RemoteE    
xception
    + FullyQualified 
   ErrorId : Native  
  CommandError
 
[31merror during 
build:
[31m[vite-plugin-pwa
:build] [plugin vite-
plugin-pwa:build] res
ources/js/pages/ticke
ts/show.tsx 
(948:33): There was 
an error during the 
build:
  Transform failed 
with 7 errors:
C:/wamp64/www/systems
.kaldisbunna.et/compa
ny-system-main/resour
ces/js/pages/tickets/
show.tsx:948:33: 
ERROR: The character 
"}" is not valid 
inside a JSX element
C:/wamp64/www/systems
.kaldisbunna.et/compa
ny-system-main/resour
ces/js/pages/tickets/
show.tsx:949:74: 
ERROR: The character 
">" is not valid 
inside a JSX element
C:/wamp64/www/systems
.kaldisbunna.et/compa
ny-system-main/resour
ces/js/pages/tickets/
show.tsx:950:44: 
ERROR: The character 
">" is not valid 
inside a JSX element
C:/wamp64/www/systems
.kaldisbunna.et/compa
ny-system-main/resour
ces/js/pages/tickets/
show.tsx:951:21: 
ERROR: The character 
">" is not valid 
inside a JSX element
C:/wamp64/www/systems
.kaldisbunna.et/compa
ny-system-main/resour
ces/js/pages/tickets/
show.tsx:952:22: 
ERROR: The character 
">" is not valid 
inside a JSX element
...
Additionally, 
handling the error 
in the 'buildEnd' 
hook caused the 
following error:
  Transform failed 
with 7 errors:
C:/wamp64/www/systems
.kaldisbunna.et/compa
ny-system-main/resour
ces/js/pages/tickets/
show.tsx:948:33: 
ERROR: The character 
"}" is not valid 
inside a JSX element
C:/wamp64/www/systems
.kaldisbunna.et/compa
ny-system-main/resour
ces/js/pages/tickets/
show.tsx:949:74: 
ERROR: The character 
">" is not valid 
inside a JSX element
C:/wamp64/www/systems
.kaldisbunna.et/compa
ny-system-main/resour
ces/js/pages/tickets/
show.tsx:950:44: 
ERROR: The character 
">" is not valid 
inside a JSX element
C:/wamp64/www/systems
.kaldisbunna.et/compa
ny-system-main/resour
ces/js/pages/tickets/
show.tsx:951:21: 
ERROR: The character 
">" is not valid 
inside a JSX element
C:/wamp64/www/systems
.kaldisbunna.et/compa
ny-system-main/resour
ces/js/pages/tickets/
show.tsx:952:22: 
ERROR: The character 
">" is not valid 
inside a JSX element
...[31m
file: [36mC:/wamp64/
www/systems.kaldisbun
na.et/company-system-
main/resources/js/pag
es/tickets/show.tsx:9
48:33[31m
[33m
[33mThe character 
"}" is not valid 
inside a JSX 
element[33m
946|        </div >
947|  
948|        * 
Rejection Reason 
Modal */}
   |                 
                  ^
949|        Dialog op
en={isRejectModalOpen
} onOpenChange={setIs
RejectModalOpen} >
950|          
ialogContent classNam
e="sm:max-w-md">

[33mThe character 
">" is not valid 
inside a JSX 
element[33m
947|  
948|        * 
Rejection Reason 
Modal */}
949|        Dialog op
en={isRejectModalOpen
} onOpenChange={setIs
RejectModalOpen} >
   |                 
                     
                     
                 ^
950|          
ialogContent classNam
e="sm:max-w-md">
951|            
ialogHeader>

[33mThe character 
">" is not valid 
inside a JSX 
element[33m
948|        * 
Rejection Reason 
Modal */}
949|        Dialog op
en={isRejectModalOpen
} onOpenChange={setIs
RejectModalOpen} >
950|          
ialogContent classNam
e="sm:max-w-md">
   |                 
                     
        ^
951|            
ialogHeader>
952|              
ialogTitle>Reason 
for Rejection</Dialog
Title>

[33mThe character 
">" is not valid 
inside a JSX 
element[33m
949|        Dialog op
en={isRejectModalOpen
} onOpenChange={setIs
RejectModalOpen} >
950|          
ialogContent classNam
e="sm:max-w-md">
951|            
ialogHeader>
   |                 
      ^
952|              
ialogTitle>Reason 
for Rejection</Dialog
Title>
953|              
ialogDescription >

[33mThe character 
">" is not valid 
inside a JSX 
element[33m
950|          
ialogContent classNam
e="sm:max-w-md">
951|            
ialogHeader>
952|              
ialogTitle>Reason 
for Rejection</Dialog
Title>
   |                 
       ^
953|              
ialogDescription >
954|      ease 
provide a clear 
reason why this 
request or 
completion is being 
rejected.This will 
be visible in the 
activity history.

[33mUnexpected 
closing 
"DialogTitle" tag 
does not match 
opening "AppLayout" 
tag[33m
950|          
ialogContent classNam
e="sm:max-w-md">
951|            
ialogHeader>
952|              
ialogTitle>Reason 
for Rejection</Dialog
Title>
   |                 
                     
         ^
953|              
ialogDescription >
954|      ease 
provide a clear 
reason why this 
request or 
completion is being 
rejected.This will 
be visible in the 
activity history.

[33mExpected ")" 
but found "ialogDescr
iption"[33m
951|            
ialogHeader>
952|              
ialogTitle>Reason 
for Rejection</Dialog
Title>
953|              
ialogDescription >
   |              ^
954|      ease 
provide a clear 
reason why this 
request or 
completion is being 
rejected.This will 
be visible in the 
activity history.
955|        
DialogDescription >
[31m
    at 
getRollupError (file:
///C:/wamp64/www/syst
ems.kaldisbunna.et/co
mpany-system-main/nod
e_modules/rollup/dist
/es/shared/parseAst.j
s:401:41)
    at file:///C:/wam
p64/www/systems.kaldi
sbunna.et/company-sys
tem-main/node_modules
/rollup/dist/es/share
d/node-entry.js:23196
:39
    at process.proces
sTicksAndRejections (
node:internal/process
/task_queues:105:5)
    at async catchUnf
inishedHookActions (f
ile:///C:/wamp64/www/
systems.kaldisbunna.e
t/company-system-main
/node_modules/rollup/
dist/es/shared/node-e
ntry.js:22655:16)
    at async 
rollupInternal (file:
///C:/wamp64/www/syst
ems.kaldisbunna.et/co
mpany-system-main/nod
e_modules/rollup/dist
/es/shared/node-entry
.js:23179:5)
    at async 
buildEnvironment (fil
e:///C:/wamp64/www/sy
stems.kaldisbunna.et/
company-system-main/n
ode_modules/vite/dist
/node/chunks/dep-BHkU
v4Z8.js:34125:12)
    at async 
Object.build (file://
/C:/wamp64/www/system
s.kaldisbunna.et/comp
any-system-main/node_
modules/vite/dist/nod
e/chunks/dep-BHkUv4Z8
.js:34480:19)
    at async 
Object.buildApp (file
:///C:/wamp64/www/sys
tems.kaldisbunna.et/c
ompany-system-main/no
de_modules/vite/dist/
node/chunks/dep-BHkUv
4Z8.js:34477:153)
    at async 
CAC.<anonymous> (file
:///C:/wamp64/www/sys
tems.kaldisbunna.et/c
ompany-system-main/no
de_modules/vite/dist/
node/cli.js:642:3)[3
9m
